// Jest Snapshot v1, https://goo.gl/fbAQLP

exports[`AuditDetails Stories initial state should match a snapshot 1`] = `
Object {
  "data": Array [],
  "errors": undefined,
  "loading": false,
  "updating": false,
}
`;
